portevent_m.c:46:1:xMBMasterPortEventInit	8	static
portevent_m.c:54:1:xMBMasterPortEventPost	16	static
portevent_m.c:61:1:xMBMasterPortEventPostFromISR	24	static
portevent_m.c:72:1:xMBMasterPortEventGet	32	static
portevent_m.c:112:6:vMBMasterOsResInit	8	static
portevent_m.c:131:6:xMBMasterRunResTake	16	static
portevent_m.c:142:6:vMBMasterRunResRelease	8	static
portevent_m.c:158:6:vMBMasterErrorCBRespondTimeout	16	static
portevent_m.c:179:6:vMBMasterErrorCBReceiveData	16	static
portevent_m.c:200:6:vMBMasterErrorCBExecuteFunction	16	static
portevent_m.c:217:6:vMBMasterCBRequestScuuess	8	static
portevent_m.c:236:21:eMBMasterWaitRequestFinish	24	static
