portevent_m.c:46:1:xMBMasterPortEventInit	8	static
portevent_m.c:54:1:xMBMasterPortEventPost	16	static
portevent_m.c:61:1:xMBMasterPortEventPostFromISR	24	static
portevent_m.c:72:1:xMBMasterPortEventGet	32	static
portevent_m.c:118:6:vMBMasterOsResInit	8	static
portevent_m.c:137:6:xMBMasterRunResTake	16	static
portevent_m.c:148:6:vMBMasterRunResRelease	8	static
portevent_m.c:164:6:vMBMasterErrorCBRespondTimeout	16	static
portevent_m.c:185:6:vMBMasterErrorCBReceiveData	16	static
portevent_m.c:206:6:vMBMasterErrorCBExecuteFunction	16	static
portevent_m.c:223:6:vMBMasterCBRequestScuuess	8	static
portevent_m.c:242:21:eMBMasterWaitRequestFinish	24	static
