mbrtu_m.c:88:1:eMBMasterRTUInit	24	static
mbrtu_m.c:132:1:eMBMasterRTUStart	8	static
mbrtu_m.c:148:1:eMBMasterRTUStop	8	static
mbrtu_m.c:157:1:eMBMasterRTUReceive	32	static,ignoring_inline_asm
mbrtu_m.c:192:1:eMBMasterRTUSend	24	static
mbrtu_m.c:240:1:xMBMasterRTUReceiveFSM	24	static,ignoring_inline_asm
mbrtu_m.c:307:1:xMBMasterRTUTransmitFSM	16	static,ignoring_inline_asm
mbrtu_m.c:358:1:xMBMasterRTUTimerExpired	24	static,ignoring_inline_asm
mbrtu_m.c:422:6:vMBMasterGetRTUSndBuf	16	static
mbrtu_m.c:428:6:vMBMasterGetPDUSndBuf	16	static
mbrtu_m.c:434:6:vMBMasterSetPDUSndLength	16	static
mbrtu_m.c:440:8:usMBMasterGetPDUSndLength	4	static
mbrtu_m.c:446:6:vMBMasterSetCurTimerMode	16	static
mbrtu_m.c:452:6:xMBMasterRequestIsBroadcast	4	static
